2026-08-24 13:55:02,440 - aqt.main - INFO - installer 26272 aqtinstall(aqt) v3.3.0 on Python 3.12.0 [CPython MSC v.1935 64 bit (AMD64)]
2026-08-24 13:55:02,442 - aqt.helper - DEBUG - helper 26272 Attempt to download checksum at https://download.qt.io/online/qtsdkrepository/windows_x86/desktop/qt6_660/Updates.xml.sha256
2026-08-24 13:55:06,635 - aqt.helper - DEBUG - helper 4680 Attempt to download checksum at https://download.qt.io/online/qtsdkrepository/windows_x86/desktop/qt6_660/qt.qt6.660.win64_msvc2019_64/6.6.0-0-202310040911qtbase-Windows-Windows_10_22H2-MSVC2019-Windows-Windows_10_22H2-X86_64.7z.sha256
2026-08-24 13:55:06,635 - aqt.helper - DEBUG - helper 13964 Attempt to download checksum at https://download.qt.io/online/qtsdkrepository/windows_x86/desktop/qt6_660/qt.qt6.660.win64_msvc2019_64/6.6.0-0-202310040911qtsvg-Windows-Windows_10_22H2-MSVC2019-Windows-Windows_10_22H2-X86_64.7z.sha256
2026-08-24 13:55:06,646 - aqt.helper - DEBUG - helper 2020 Attempt to download checksum at https://download.qt.io/online/qtsdkrepository/windows_x86/desktop/qt6_660/qt.qt6.660.win64_msvc2019_64/6.6.0-0-202310040911qtdeclarative-Windows-Windows_10_22H2-MSVC2019-Windows-Windows_10_22H2-X86_64.7z.sha256
2026-08-24 13:55:06,663 - aqt.helper - DEBUG - helper 18644 Attempt to download checksum at https://download.qt.io/online/qtsdkrepository/windows_x86/desktop/qt6_660/qt.qt6.660.win64_msvc2019_64/6.6.0-0-202310040911qttools-Windows-Windows_10_22H2-MSVC2019-Windows-Windows_10_22H2-X86_64.7z.sha256
2026-08-24 13:55:08,310 - aqt.helper - INFO - helper 13964 Downloading qtsvg...
2026-08-24 13:55:08,310 - aqt.installer - DEBUG - installer 13964 Download URL: https://download.qt.io/online/qtsdkrepository/windows_x86/desktop/qt6_660/qt.qt6.660.win64_msvc2019_64/6.6.0-0-202310040911qtsvg-Windows-Windows_10_22H2-MSVC2019-Windows-Windows_10_22H2-X86_64.7z
2026-08-24 13:55:08,325 - aqt.helper - INFO - helper 2020 Downloading qtdeclarative...
2026-08-24 13:55:08,325 - aqt.installer - DEBUG - installer 18644 Download URL: https://download.qt.io/online/qtsdkrepository/windows_x86/desktop/qt6_660/qt.qt6.660.win64_msvc2019_64/6.6.0-0-202310040911qttools-Windows-Windows_10_22H2-MSVC2019-Windows-Windows_10_22H2-X86_64.7z
2026-08-24 13:55:08,325 - aqt.installer - DEBUG - installer 2020 Download URL: https://download.qt.io/online/qtsdkrepository/windows_x86/desktop/qt6_660/qt.qt6.660.win64_msvc2019_64/6.6.0-0-202310040911qtdeclarative-Windows-Windows_10_22H2-MSVC2019-Windows-Windows_10_22H2-X86_64.7z
2026-08-24 13:55:08,349 - aqt.helper - INFO - helper 4680 Downloading qtbase...
2026-08-24 13:55:08,349 - aqt.installer - DEBUG - installer 4680 Download URL: https://download.qt.io/online/qtsdkrepository/windows_x86/desktop/qt6_660/qt.qt6.660.win64_msvc2019_64/6.6.0-0-202310040911qtbase-Windows-Windows_10_22H2-MSVC2019-Windows-Windows_10_22H2-X86_64.7z
2026-08-24 13:55:09,988 - aqt.helper - DEBUG - helper 2020 Asked to redirect(302) to: https://mirror.maeen.sa/qtproject/online/qtsdkrepository/windows_x86/desktop/qt6_660/qt.qt6.660.win64_msvc2019_64/6.6.0-0-202310040911qtdeclarative-Windows-Windows_10_22H2-MSVC2019-Windows-Windows_10_22H2-X86_64.7z
2026-08-24 13:55:09,988 - aqt.helper - INFO - helper 2020 Redirected: mirror.maeen.sa
2026-08-24 13:55:10,010 - aqt.helper - DEBUG - helper 18644 Asked to redirect(302) to: https://mirror.maeen.sa/qtproject/online/qtsdkrepository/windows_x86/desktop/qt6_660/qt.qt6.660.win64_msvc2019_64/6.6.0-0-202310040911qttools-Windows-Windows_10_22H2-MSVC2019-Windows-Windows_10_22H2-X86_64.7z
2026-08-24 13:55:10,010 - aqt.helper - DEBUG - helper 4680 Asked to redirect(302) to: https://mirror.maeen.sa/qtproject/online/qtsdkrepository/windows_x86/desktop/qt6_660/qt.qt6.660.win64_msvc2019_64/6.6.0-0-202310040911qtbase-Windows-Windows_10_22H2-MSVC2019-Windows-Windows_10_22H2-X86_64.7z
2026-08-24 13:55:10,014 - aqt.helper - INFO - helper 18644 Redirected: mirror.maeen.sa
2026-08-24 13:55:10,014 - aqt.helper - INFO - helper 4680 Redirected: mirror.maeen.sa
2026-08-24 13:55:10,019 - aqt.helper - DEBUG - helper 13964 Asked to redirect(302) to: https://mirror.maeen.sa/qtproject/online/qtsdkrepository/windows_x86/desktop/qt6_660/qt.qt6.660.win64_msvc2019_64/6.6.0-0-202310040911qtsvg-Windows-Windows_10_22H2-MSVC2019-Windows-Windows_10_22H2-X86_64.7z
2026-08-24 13:55:10,020 - aqt.helper - INFO - helper 13964 Redirected: mirror.maeen.sa
2026-08-24 13:55:16,282 - aqt.installer - INFO - installer 13964 Finished installation of qtsvg-Windows-Windows_10_22H2-MSVC2019-Windows-Windows_10_22H2-X86_64.7z in 9.64918870
2026-08-24 13:55:16,337 - aqt.helper - DEBUG - helper 13964 Attempt to download checksum at https://download.qt.io/online/qtsdkrepository/windows_x86/desktop/qt6_660/qt.qt6.660.win64_msvc2019_64/6.6.0-0-202310040911qttranslations-Windows-Windows_10_22H2-MSVC2019-Windows-Windows_10_22H2-X86_64.7z.sha256
2026-08-24 13:55:22,048 - aqt.helper - INFO - helper 13964 Downloading qttranslations...
2026-08-24 13:55:22,048 - aqt.installer - DEBUG - installer 13964 Download URL: https://download.qt.io/online/qtsdkrepository/windows_x86/desktop/qt6_660/qt.qt6.660.win64_msvc2019_64/6.6.0-0-202310040911qttranslations-Windows-Windows_10_22H2-MSVC2019-Windows-Windows_10_22H2-X86_64.7z
2026-08-24 13:55:30,395 - aqt.helper - DEBUG - helper 13964 Asked to redirect(302) to: https://mirror.maeen.sa/qtproject/online/qtsdkrepository/windows_x86/desktop/qt6_660/qt.qt6.660.win64_msvc2019_64/6.6.0-0-202310040911qttranslations-Windows-Windows_10_22H2-MSVC2019-Windows-Windows_10_22H2-X86_64.7z
2026-08-24 13:55:30,395 - aqt.helper - INFO - helper 13964 Redirected: mirror.maeen.sa
2026-08-24 13:56:30,147 - aqt.installer - INFO - installer 18644 Finished installation of qttools-Windows-Windows_10_22H2-MSVC2019-Windows-Windows_10_22H2-X86_64.7z in 83.49011260
2026-08-24 13:56:30,186 - aqt.helper - DEBUG - helper 18644 Attempt to download checksum at https://download.qt.io/online/qtsdkrepository/windows_x86/desktop/qt6_660/qt.qt6.660.win64_msvc2019_64/6.6.0-0-202310040911d3dcompiler_47-x64.7z.sha256
2026-08-24 13:56:44,128 - aqt.helper - INFO - helper 18644 Downloading d3dcompiler_47...
2026-08-24 13:56:44,129 - aqt.installer - DEBUG - installer 18644 Download URL: https://download.qt.io/online/qtsdkrepository/windows_x86/desktop/qt6_660/qt.qt6.660.win64_msvc2019_64/6.6.0-0-202310040911d3dcompiler_47-x64.7z
2026-08-24 13:56:51,181 - aqt.installer - INFO - installer 4680 Finished installation of qtbase-Windows-Windows_10_22H2-MSVC2019-Windows-Windows_10_22H2-X86_64.7z in 104.54971440
2026-08-24 13:56:51,229 - aqt.helper - DEBUG - helper 4680 Attempt to download checksum at https://download.qt.io/online/qtsdkrepository/windows_x86/desktop/qt6_660/qt.qt6.660.win64_msvc2019_64/6.6.0-0-202310040911opengl32sw-64-mesa_11_2_2-signed_sha256.7z.sha256
2026-08-24 13:56:52,497 - aqt.helper - DEBUG - helper 18644 Asked to redirect(302) to: https://mirror.maeen.sa/qtproject/online/qtsdkrepository/windows_x86/desktop/qt6_660/qt.qt6.660.win64_msvc2019_64/6.6.0-0-202310040911d3dcompiler_47-x64.7z
2026-08-24 13:56:52,497 - aqt.helper - INFO - helper 18644 Redirected: mirror.maeen.sa
2026-08-24 13:56:53,686 - aqt.helper - INFO - helper 4680 Downloading opengl32sw...
2026-08-24 13:56:53,686 - aqt.installer - DEBUG - installer 4680 Download URL: https://download.qt.io/online/qtsdkrepository/windows_x86/desktop/qt6_660/qt.qt6.660.win64_msvc2019_64/6.6.0-0-202310040911opengl32sw-64-mesa_11_2_2-signed_sha256.7z
2026-08-24 13:56:55,614 - aqt.helper - DEBUG - helper 4680 Asked to redirect(302) to: https://mirror.maeen.sa/qtproject/online/qtsdkrepository/windows_x86/desktop/qt6_660/qt.qt6.660.win64_msvc2019_64/6.6.0-0-202310040911opengl32sw-64-mesa_11_2_2-signed_sha256.7z
2026-08-24 13:56:55,614 - aqt.helper - INFO - helper 4680 Redirected: mirror.maeen.sa
2026-08-24 13:56:59,683 - aqt.installer - INFO - installer 18644 Finished installation of d3dcompiler_47-x64.7z in 29.51756930
2026-08-24 13:57:12,810 - aqt.installer - INFO - installer 4680 Finished installation of opengl32sw-64-mesa_11_2_2-signed_sha256.7z in 21.59748000
2026-08-24 13:57:26,942 - aqt.installer - INFO - installer 13964 Finished installation of qttranslations-Windows-Windows_10_22H2-MSVC2019-Windows-Windows_10_22H2-X86_64.7z in 130.61743320
2026-08-24 13:58:19,986 - aqt.installer - INFO - installer 2020 Finished installation of qtdeclarative-Windows-Windows_10_22H2-MSVC2019-Windows-Windows_10_22H2-X86_64.7z in 193.34240330
2026-08-24 13:58:20,286 - aqt.updater - INFO - updater 26272 Patching C:\Qt\6.6.0\msvc2019_64\bin\qmake.exe
2026-08-24 13:58:20,299 - aqt.updater - INFO - updater 26272 Patching C:\Qt\6.6.0\msvc2019_64\lib\Qt6Concurrent.prl
2026-08-24 13:58:20,303 - aqt.updater - INFO - updater 26272 Patching C:\Qt\6.6.0\msvc2019_64\lib\Qt6Concurrentd.prl
2026-08-24 13:58:20,305 - aqt.updater - INFO - updater 26272 Patching C:\Qt\6.6.0\msvc2019_64\lib\Qt6Core.prl
2026-08-24 13:58:20,307 - aqt.updater - INFO - updater 26272 Patching C:\Qt\6.6.0\msvc2019_64\lib\Qt6Cored.prl
2026-08-24 13:58:20,310 - aqt.updater - INFO - updater 26272 Patching C:\Qt\6.6.0\msvc2019_64\lib\Qt6DBus.prl
2026-08-24 13:58:20,311 - aqt.updater - INFO - updater 26272 Patching C:\Qt\6.6.0\msvc2019_64\lib\Qt6DBusd.prl
2026-08-24 13:58:20,313 - aqt.updater - INFO - updater 26272 Patching C:\Qt\6.6.0\msvc2019_64\lib\Qt6Designer.prl
2026-08-24 13:58:20,316 - aqt.updater - INFO - updater 26272 Patching C:\Qt\6.6.0\msvc2019_64\lib\Qt6DesignerComponents.prl
2026-08-24 13:58:20,318 - aqt.updater - INFO - updater 26272 Patching C:\Qt\6.6.0\msvc2019_64\lib\Qt6DesignerComponentsd.prl
2026-08-24 13:58:20,321 - aqt.updater - INFO - updater 26272 Patching C:\Qt\6.6.0\msvc2019_64\lib\Qt6Designerd.prl
2026-08-24 13:58:20,325 - aqt.updater - INFO - updater 26272 Patching C:\Qt\6.6.0\msvc2019_64\lib\Qt6DeviceDiscoverySupport.prl
2026-08-24 13:58:20,329 - aqt.updater - INFO - updater 26272 Patching C:\Qt\6.6.0\msvc2019_64\lib\Qt6DeviceDiscoverySupportd.prl
2026-08-24 13:58:20,332 - aqt.updater - INFO - updater 26272 Patching C:\Qt\6.6.0\msvc2019_64\lib\Qt6EntryPoint.prl
2026-08-24 13:58:20,335 - aqt.updater - INFO - updater 26272 Patching C:\Qt\6.6.0\msvc2019_64\lib\Qt6EntryPointd.prl
2026-08-24 13:58:20,338 - aqt.updater - INFO - updater 26272 Patching C:\Qt\6.6.0\msvc2019_64\lib\Qt6ExampleIcons.prl
2026-08-24 13:58:20,342 - aqt.updater - INFO - updater 26272 Patching C:\Qt\6.6.0\msvc2019_64\lib\Qt6ExampleIconsd.prl
2026-08-24 13:58:20,347 - aqt.updater - INFO - updater 26272 Patching C:\Qt\6.6.0\msvc2019_64\lib\Qt6FbSupport.prl
2026-08-24 13:58:20,351 - aqt.updater - INFO - updater 26272 Patching C:\Qt\6.6.0\msvc2019_64\lib\Qt6FbSupportd.prl
2026-08-24 13:58:20,355 - aqt.updater - INFO - updater 26272 Patching C:\Qt\6.6.0\msvc2019_64\lib\Qt6Gui.prl
2026-08-24 13:58:20,362 - aqt.updater - INFO - updater 26272 Patching C:\Qt\6.6.0\msvc2019_64\lib\Qt6Guid.prl
2026-08-24 13:58:20,367 - aqt.updater - INFO - updater 26272 Patching C:\Qt\6.6.0\msvc2019_64\lib\Qt6Help.prl
2026-08-24 13:58:20,371 - aqt.updater - INFO - updater 26272 Patching C:\Qt\6.6.0\msvc2019_64\lib\Qt6Helpd.prl
2026-08-24 13:58:20,380 - aqt.updater - INFO - updater 26272 Patching C:\Qt\6.6.0\msvc2019_64\lib\Qt6LabsAnimation.prl
2026-08-24 13:58:20,384 - aqt.updater - INFO - updater 26272 Patching C:\Qt\6.6.0\msvc2019_64\lib\Qt6LabsAnimationd.prl
2026-08-24 13:58:20,387 - aqt.updater - INFO - updater 26272 Patching C:\Qt\6.6.0\msvc2019_64\lib\Qt6LabsFolderListModel.prl
2026-08-24 13:58:20,396 - aqt.updater - INFO - updater 26272 Patching C:\Qt\6.6.0\msvc2019_64\lib\Qt6LabsFolderListModeld.prl
2026-08-24 13:58:20,402 - aqt.updater - INFO - updater 26272 Patching C:\Qt\6.6.0\msvc2019_64\lib\Qt6LabsQmlModels.prl
2026-08-24 13:58:20,405 - aqt.updater - INFO - updater 26272 Patching C:\Qt\6.6.0\msvc2019_64\lib\Qt6LabsQmlModelsd.prl
2026-08-24 13:58:20,411 - aqt.updater - INFO - updater 26272 Patching C:\Qt\6.6.0\msvc2019_64\lib\Qt6LabsSettings.prl
2026-08-24 13:58:20,414 - aqt.updater - INFO - updater 26272 Patching C:\Qt\6.6.0\msvc2019_64\lib\Qt6LabsSettingsd.prl
2026-08-24 13:58:20,417 - aqt.updater - INFO - updater 26272 Patching C:\Qt\6.6.0\msvc2019_64\lib\Qt6LabsSharedImage.prl
2026-08-24 13:58:20,419 - aqt.updater - INFO - updater 26272 Patching C:\Qt\6.6.0\msvc2019_64\lib\Qt6LabsSharedImaged.prl
2026-08-24 13:58:20,422 - aqt.updater - INFO - updater 26272 Patching C:\Qt\6.6.0\msvc2019_64\lib\Qt6LabsWavefrontMesh.prl
2026-08-24 13:58:20,424 - aqt.updater - INFO - updater 26272 Patching C:\Qt\6.6.0\msvc2019_64\lib\Qt6LabsWavefrontMeshd.prl
2026-08-24 13:58:20,427 - aqt.updater - INFO - updater 26272 Patching C:\Qt\6.6.0\msvc2019_64\lib\Qt6Network.prl
2026-08-24 13:58:20,429 - aqt.updater - INFO - updater 26272 Patching C:\Qt\6.6.0\msvc2019_64\lib\Qt6Networkd.prl
2026-08-24 13:58:20,431 - aqt.updater - INFO - updater 26272 Patching C:\Qt\6.6.0\msvc2019_64\lib\Qt6OpenGL.prl
2026-08-24 13:58:20,434 - aqt.updater - INFO - updater 26272 Patching C:\Qt\6.6.0\msvc2019_64\lib\Qt6OpenGLd.prl
2026-08-24 13:58:20,436 - aqt.updater - INFO - updater 26272 Patching C:\Qt\6.6.0\msvc2019_64\lib\Qt6OpenGLWidgets.prl
2026-08-24 13:58:20,438 - aqt.updater - INFO - updater 26272 Patching C:\Qt\6.6.0\msvc2019_64\lib\Qt6OpenGLWidgetsd.prl
2026-08-24 13:58:20,440 - aqt.updater - INFO - updater 26272 Patching C:\Qt\6.6.0\msvc2019_64\lib\Qt6PacketProtocol.prl
2026-08-24 13:58:20,443 - aqt.updater - INFO - updater 26272 Patching C:\Qt\6.6.0\msvc2019_64\lib\Qt6PacketProtocold.prl
2026-08-24 13:58:20,445 - aqt.updater - INFO - updater 26272 Patching C:\Qt\6.6.0\msvc2019_64\lib\Qt6PrintSupport.prl
2026-08-24 13:58:20,447 - aqt.updater - INFO - updater 26272 Patching C:\Qt\6.6.0\msvc2019_64\lib\Qt6PrintSupportd.prl
2026-08-24 13:58:20,449 - aqt.updater - INFO - updater 26272 Patching C:\Qt\6.6.0\msvc2019_64\lib\Qt6Qml.prl
2026-08-24 13:58:20,452 - aqt.updater - INFO - updater 26272 Patching C:\Qt\6.6.0\msvc2019_64\lib\Qt6QmlCompiler.prl
2026-08-24 13:58:20,453 - aqt.updater - INFO - updater 26272 Patching C:\Qt\6.6.0\msvc2019_64\lib\Qt6QmlCompilerd.prl
2026-08-24 13:58:20,455 - aqt.updater - INFO - updater 26272 Patching C:\Qt\6.6.0\msvc2019_64\lib\Qt6QmlCore.prl
2026-08-24 13:58:20,456 - aqt.updater - INFO - updater 26272 Patching C:\Qt\6.6.0\msvc2019_64\lib\Qt6QmlCored.prl
2026-08-24 13:58:20,459 - aqt.updater - INFO - updater 26272 Patching C:\Qt\6.6.0\msvc2019_64\lib\Qt6Qmld.prl
2026-08-24 13:58:20,460 - aqt.updater - INFO - updater 26272 Patching C:\Qt\6.6.0\msvc2019_64\lib\Qt6QmlDebug.prl
2026-08-24 13:58:20,462 - aqt.updater - INFO - updater 26272 Patching C:\Qt\6.6.0\msvc2019_64\lib\Qt6QmlDebugd.prl
2026-08-24 13:58:20,464 - aqt.updater - INFO - updater 26272 Patching C:\Qt\6.6.0\msvc2019_64\lib\Qt6QmlDom.prl
2026-08-24 13:58:20,466 - aqt.updater - INFO - updater 26272 Patching C:\Qt\6.6.0\msvc2019_64\lib\Qt6QmlDomd.prl
2026-08-24 13:58:20,468 - aqt.updater - INFO - updater 26272 Patching C:\Qt\6.6.0\msvc2019_64\lib\Qt6QmlLocalStorage.prl
2026-08-24 13:58:20,471 - aqt.updater - INFO - updater 26272 Patching C:\Qt\6.6.0\msvc2019_64\lib\Qt6QmlLocalStoraged.prl
2026-08-24 13:58:20,472 - aqt.updater - INFO - updater 26272 Patching C:\Qt\6.6.0\msvc2019_64\lib\Qt6QmlLS.prl
2026-08-24 13:58:20,474 - aqt.updater - INFO - updater 26272 Patching C:\Qt\6.6.0\msvc2019_64\lib\Qt6QmlLSd.prl
2026-08-24 13:58:20,477 - aqt.updater - INFO - updater 26272 Patching C:\Qt\6.6.0\msvc2019_64\lib\Qt6QmlModels.prl
2026-08-24 13:58:20,479 - aqt.updater - INFO - updater 26272 Patching C:\Qt\6.6.0\msvc2019_64\lib\Qt6QmlModelsd.prl
2026-08-24 13:58:20,481 - aqt.updater - INFO - updater 26272 Patching C:\Qt\6.6.0\msvc2019_64\lib\Qt6QmlToolingSettings.prl
2026-08-24 13:58:20,484 - aqt.updater - INFO - updater 26272 Patching C:\Qt\6.6.0\msvc2019_64\lib\Qt6QmlToolingSettingsd.prl
2026-08-24 13:58:20,486 - aqt.updater - INFO - updater 26272 Patching C:\Qt\6.6.0\msvc2019_64\lib\Qt6QmlTypeRegistrar.prl
2026-08-24 13:58:20,488 - aqt.updater - INFO - updater 26272 Patching C:\Qt\6.6.0\msvc2019_64\lib\Qt6QmlTypeRegistrard.prl
2026-08-24 13:58:20,489 - aqt.updater - INFO - updater 26272 Patching C:\Qt\6.6.0\msvc2019_64\lib\Qt6QmlWorkerScript.prl
2026-08-24 13:58:20,491 - aqt.updater - INFO - updater 26272 Patching C:\Qt\6.6.0\msvc2019_64\lib\Qt6QmlWorkerScriptd.prl
2026-08-24 13:58:20,494 - aqt.updater - INFO - updater 26272 Patching C:\Qt\6.6.0\msvc2019_64\lib\Qt6QmlXmlListModel.prl
2026-08-24 13:58:20,495 - aqt.updater - INFO - updater 26272 Patching C:\Qt\6.6.0\msvc2019_64\lib\Qt6QmlXmlListModeld.prl
2026-08-24 13:58:20,498 - aqt.updater - INFO - updater 26272 Patching C:\Qt\6.6.0\msvc2019_64\lib\Qt6Quick.prl
2026-08-24 13:58:20,500 - aqt.updater - INFO - updater 26272 Patching C:\Qt\6.6.0\msvc2019_64\lib\Qt6QuickControls2.prl
2026-08-24 13:58:20,502 - aqt.updater - INFO - updater 26272 Patching C:\Qt\6.6.0\msvc2019_64\lib\Qt6QuickControls2d.prl
2026-08-24 13:58:20,504 - aqt.updater - INFO - updater 26272 Patching C:\Qt\6.6.0\msvc2019_64\lib\Qt6QuickControls2Impl.prl
2026-08-24 13:58:20,507 - aqt.updater - INFO - updater 26272 Patching C:\Qt\6.6.0\msvc2019_64\lib\Qt6QuickControls2Impld.prl
2026-08-24 13:58:20,513 - aqt.updater - INFO - updater 26272 Patching C:\Qt\6.6.0\msvc2019_64\lib\Qt6QuickControlsTestUtils.prl
2026-08-24 13:58:20,517 - aqt.updater - INFO - updater 26272 Patching C:\Qt\6.6.0\msvc2019_64\lib\Qt6QuickControlsTestUtilsd.prl
2026-08-24 13:58:20,521 - aqt.updater - INFO - updater 26272 Patching C:\Qt\6.6.0\msvc2019_64\lib\Qt6Quickd.prl
2026-08-24 13:58:20,528 - aqt.updater - INFO - updater 26272 Patching C:\Qt\6.6.0\msvc2019_64\lib\Qt6QuickDialogs2.prl
2026-08-24 13:58:20,531 - aqt.updater - INFO - updater 26272 Patching C:\Qt\6.6.0\msvc2019_64\lib\Qt6QuickDialogs2d.prl
2026-08-24 13:58:20,534 - aqt.updater - INFO - updater 26272 Patching C:\Qt\6.6.0\msvc2019_64\lib\Qt6QuickDialogs2QuickImpl.prl
2026-08-24 13:58:20,537 - aqt.updater - INFO - updater 26272 Patching C:\Qt\6.6.0\msvc2019_64\lib\Qt6QuickDialogs2QuickImpld.prl
2026-08-24 13:58:20,544 - aqt.updater - INFO - updater 26272 Patching C:\Qt\6.6.0\msvc2019_64\lib\Qt6QuickDialogs2Utils.prl
2026-08-24 13:58:20,546 - aqt.updater - INFO - updater 26272 Patching C:\Qt\6.6.0\msvc2019_64\lib\Qt6QuickDialogs2Utilsd.prl
2026-08-24 13:58:20,548 - aqt.updater - INFO - updater 26272 Patching C:\Qt\6.6.0\msvc2019_64\lib\Qt6QuickEffects.prl
2026-08-24 13:58:20,551 - aqt.updater - INFO - updater 26272 Patching C:\Qt\6.6.0\msvc2019_64\lib\Qt6QuickEffectsd.prl
2026-08-24 13:58:20,554 - aqt.updater - INFO - updater 26272 Patching C:\Qt\6.6.0\msvc2019_64\lib\Qt6QuickLayouts.prl
2026-08-24 13:58:20,557 - aqt.updater - INFO - updater 26272 Patching C:\Qt\6.6.0\msvc2019_64\lib\Qt6QuickLayoutsd.prl
2026-08-24 13:58:20,561 - aqt.updater - INFO - updater 26272 Patching C:\Qt\6.6.0\msvc2019_64\lib\Qt6QuickParticles.prl
2026-08-24 13:58:20,563 - aqt.updater - INFO - updater 26272 Patching C:\Qt\6.6.0\msvc2019_64\lib\Qt6QuickParticlesd.prl
2026-08-24 13:58:20,565 - aqt.updater - INFO - updater 26272 Patching C:\Qt\6.6.0\msvc2019_64\lib\Qt6QuickShapes.prl
2026-08-24 13:58:20,567 - aqt.updater - INFO - updater 26272 Patching C:\Qt\6.6.0\msvc2019_64\lib\Qt6QuickShapesd.prl
2026-08-24 13:58:20,570 - aqt.updater - INFO - updater 26272 Patching C:\Qt\6.6.0\msvc2019_64\lib\Qt6QuickTemplates2.prl
2026-08-24 13:58:20,571 - aqt.updater - INFO - updater 26272 Patching C:\Qt\6.6.0\msvc2019_64\lib\Qt6QuickTemplates2d.prl
2026-08-24 13:58:20,574 - aqt.updater - INFO - updater 26272 Patching C:\Qt\6.6.0\msvc2019_64\lib\Qt6QuickTest.prl
2026-08-24 13:58:20,577 - aqt.updater - INFO - updater 26272 Patching C:\Qt\6.6.0\msvc2019_64\lib\Qt6QuickTestd.prl
2026-08-24 13:58:20,580 - aqt.updater - INFO - updater 26272 Patching C:\Qt\6.6.0\msvc2019_64\lib\Qt6QuickTestUtils.prl
2026-08-24 13:58:20,582 - aqt.updater - INFO - updater 26272 Patching C:\Qt\6.6.0\msvc2019_64\lib\Qt6QuickTestUtilsd.prl
2026-08-24 13:58:20,584 - aqt.updater - INFO - updater 26272 Patching C:\Qt\6.6.0\msvc2019_64\lib\Qt6QuickWidgets.prl
2026-08-24 13:58:20,586 - aqt.updater - INFO - updater 26272 Patching C:\Qt\6.6.0\msvc2019_64\lib\Qt6QuickWidgetsd.prl
2026-08-24 13:58:20,588 - aqt.updater - INFO - updater 26272 Patching C:\Qt\6.6.0\msvc2019_64\lib\Qt6Sql.prl
2026-08-24 13:58:20,593 - aqt.updater - INFO - updater 26272 Patching C:\Qt\6.6.0\msvc2019_64\lib\Qt6Sqld.prl
2026-08-24 13:58:20,596 - aqt.updater - INFO - updater 26272 Patching C:\Qt\6.6.0\msvc2019_64\lib\Qt6Svg.prl
2026-08-24 13:58:20,597 - aqt.updater - INFO - updater 26272 Patching C:\Qt\6.6.0\msvc2019_64\lib\Qt6Svgd.prl
2026-08-24 13:58:20,599 - aqt.updater - INFO - updater 26272 Patching C:\Qt\6.6.0\msvc2019_64\lib\Qt6SvgWidgets.prl
2026-08-24 13:58:20,600 - aqt.updater - INFO - updater 26272 Patching C:\Qt\6.6.0\msvc2019_64\lib\Qt6SvgWidgetsd.prl
2026-08-24 13:58:20,602 - aqt.updater - INFO - updater 26272 Patching C:\Qt\6.6.0\msvc2019_64\lib\Qt6Test.prl
2026-08-24 13:58:20,603 - aqt.updater - INFO - updater 26272 Patching C:\Qt\6.6.0\msvc2019_64\lib\Qt6Testd.prl
2026-08-24 13:58:20,606 - aqt.updater - INFO - updater 26272 Patching C:\Qt\6.6.0\msvc2019_64\lib\Qt6UiTools.prl
2026-08-24 13:58:20,609 - aqt.updater - INFO - updater 26272 Patching C:\Qt\6.6.0\msvc2019_64\lib\Qt6UiToolsd.prl
2026-08-24 13:58:20,612 - aqt.updater - INFO - updater 26272 Patching C:\Qt\6.6.0\msvc2019_64\lib\Qt6Widgets.prl
2026-08-24 13:58:20,613 - aqt.updater - INFO - updater 26272 Patching C:\Qt\6.6.0\msvc2019_64\lib\Qt6Widgetsd.prl
2026-08-24 13:58:20,616 - aqt.updater - INFO - updater 26272 Patching C:\Qt\6.6.0\msvc2019_64\lib\Qt6Xml.prl
2026-08-24 13:58:20,618 - aqt.updater - INFO - updater 26272 Patching C:\Qt\6.6.0\msvc2019_64\lib\Qt6Xmld.prl
2026-08-24 13:58:20,622 - aqt.main - INFO - installer 26272 Finished installation
2026-08-24 13:58:20,623 - aqt.main - INFO - installer 26272 Time elapsed: 198.18161270 second
